// Jest Snapshot v1, https://goo.gl/fbAQLP

exports[`<About /> renders without crashing 1`] = `
<div>
  <section
    class="max-w-[45rem] text-center leading-8"
    style="opacity: 0; transform: translateY(100px) translateZ(0);"
  >
    <h2
      class="text-3xl font-medium capitalize mb-8"
    >
      Test Heading
    </h2>
    <p
      class="mb-3 "
    >
      Test Main Info
    </p>
    <p>
      Test Hobby
    </p>
  </section>
</div>
`;
